// Jest Snapshot v1, https://goo.gl/fbAQLP

exports[`Place Component renders 1`] = `ShallowWrapper {}`;
